22.11.2023 10:59:40 name 'id_file_name' is not defined
